[INFO] 2026-03-29 14:40:32,500 Watching for file changes with StatReloader
[WARNING] 2026-03-29 14:44:20,893 Not Found: /favicon.ico
[ERROR] 2026-03-29 14:44:26,725 Internal Server Error: /accounts/login/
Traceback (most recent call last):
  File "C:\Users\Abdullo\AppData\Local\Programs\Python\Python310\lib\site-packages\django\db\backends\utils.py", line 89, in _execute
    return self.cursor.execute(sql, params)
  File "C:\Users\Abdullo\AppData\Local\Programs\Python\Python310\lib\site-packages\django\db\backends\sqlite3\base.py", line 328, in execute
    return super().execute(query, params)
sqlite3.OperationalError: no such table: auth_user

The above exception was the direct cause of the following exception:

Traceback (most recent call last):
  File "C:\Users\Abdullo\AppData\Local\Programs\Python\Python310\lib\site-packages\django\core\handlers\exception.py", line 55, in inner
    response = get_response(request)
  File "C:\Users\Abdullo\AppData\Local\Programs\Python\Python310\lib\site-packages\django\core\handlers\base.py", line 197, in _get_response
    response = wrapped_callback(request, *callback_args, **callback_kwargs)
  File "C:\Users\Abdullo\AppData\Local\Programs\Python\Python310\lib\site-packages\django\views\generic\base.py", line 104, in view
    return self.dispatch(request, *args, **kwargs)
  File "C:\Users\Abdullo\AppData\Local\Programs\Python\Python310\lib\site-packages\django\utils\decorators.py", line 46, in _wrapper
    return bound_method(*args, **kwargs)
  File "C:\Users\Abdullo\AppData\Local\Programs\Python\Python310\lib\site-packages\django\views\decorators\debug.py", line 92, in sensitive_post_parameters_wrapper
    return view(request, *args, **kwargs)
  File "C:\Users\Abdullo\AppData\Local\Programs\Python\Python310\lib\site-packages\django\utils\decorators.py", line 46, in _wrapper
    return bound_method(*args, **kwargs)
  File "C:\Users\Abdullo\AppData\Local\Programs\Python\Python310\lib\site-packages\django\utils\decorators.py", line 134, in _wrapper_view
    response = view_func(request, *args, **kwargs)
  File "C:\Users\Abdullo\AppData\Local\Programs\Python\Python310\lib\site-packages\django\utils\decorators.py", line 46, in _wrapper
    return bound_method(*args, **kwargs)
  File "C:\Users\Abdullo\AppData\Local\Programs\Python\Python310\lib\site-packages\django\views\decorators\cache.py", line 62, in _wrapper_view_func
    response = view_func(request, *args, **kwargs)
  File "C:\Users\Abdullo\AppData\Local\Programs\Python\Python310\lib\site-packages\django\contrib\auth\views.py", line 90, in dispatch
    return super().dispatch(request, *args, **kwargs)
  File "C:\Users\Abdullo\AppData\Local\Programs\Python\Python310\lib\site-packages\django\views\generic\base.py", line 143, in dispatch
    return handler(request, *args, **kwargs)
  File "C:\Users\Abdullo\AppData\Local\Programs\Python\Python310\lib\site-packages\django\views\generic\edit.py", line 152, in post
    if form.is_valid():
  File "C:\Users\Abdullo\AppData\Local\Programs\Python\Python310\lib\site-packages\django\forms\forms.py", line 201, in is_valid
    return self.is_bound and not self.errors
  File "C:\Users\Abdullo\AppData\Local\Programs\Python\Python310\lib\site-packages\django\forms\forms.py", line 196, in errors
    self.full_clean()
  File "C:\Users\Abdullo\AppData\Local\Programs\Python\Python310\lib\site-packages\django\forms\forms.py", line 434, in full_clean
    self._clean_form()
  File "C:\Users\Abdullo\AppData\Local\Programs\Python\Python310\lib\site-packages\django\forms\forms.py", line 455, in _clean_form
    cleaned_data = self.clean()
  File "C:\Users\Abdullo\AppData\Local\Programs\Python\Python310\lib\site-packages\django\contrib\auth\forms.py", line 242, in clean
    self.user_cache = authenticate(
  File "C:\Users\Abdullo\AppData\Local\Programs\Python\Python310\lib\site-packages\django\views\decorators\debug.py", line 42, in sensitive_variables_wrapper
    return func(*func_args, **func_kwargs)
  File "C:\Users\Abdullo\AppData\Local\Programs\Python\Python310\lib\site-packages\django\contrib\auth\__init__.py", line 77, in authenticate
    user = backend.authenticate(request, **credentials)
  File "C:\Users\Abdullo\AppData\Local\Programs\Python\Python310\lib\site-packages\django\contrib\auth\backends.py", line 46, in authenticate
    user = UserModel._default_manager.get_by_natural_key(username)
  File "C:\Users\Abdullo\AppData\Local\Programs\Python\Python310\lib\site-packages\django\contrib\auth\base_user.py", line 54, in get_by_natural_key
    return self.get(**{self.model.USERNAME_FIELD: username})
  File "C:\Users\Abdullo\AppData\Local\Programs\Python\Python310\lib\site-packages\django\db\models\manager.py", line 87, in manager_method
    return getattr(self.get_queryset(), name)(*args, **kwargs)
  File "C:\Users\Abdullo\AppData\Local\Programs\Python\Python310\lib\site-packages\django\db\models\query.py", line 633, in get
    num = len(clone)
  File "C:\Users\Abdullo\AppData\Local\Programs\Python\Python310\lib\site-packages\django\db\models\query.py", line 380, in __len__
    self._fetch_all()
  File "C:\Users\Abdullo\AppData\Local\Programs\Python\Python310\lib\site-packages\django\db\models\query.py", line 1881, in _fetch_all
    self._result_cache = list(self._iterable_class(self))
  File "C:\Users\Abdullo\AppData\Local\Programs\Python\Python310\lib\site-packages\django\db\models\query.py", line 91, in __iter__
    results = compiler.execute_sql(
  File "C:\Users\Abdullo\AppData\Local\Programs\Python\Python310\lib\site-packages\django\db\models\sql\compiler.py", line 1560, in execute_sql
    cursor.execute(sql, params)
  File "C:\Users\Abdullo\AppData\Local\Programs\Python\Python310\lib\site-packages\django\db\backends\utils.py", line 67, in execute
    return self._execute_with_wrappers(
  File "C:\Users\Abdullo\AppData\Local\Programs\Python\Python310\lib\site-packages\django\db\backends\utils.py", line 80, in _execute_with_wrappers
    return executor(sql, params, many, context)
  File "C:\Users\Abdullo\AppData\Local\Programs\Python\Python310\lib\site-packages\django\db\backends\utils.py", line 84, in _execute
    with self.db.wrap_database_errors:
  File "C:\Users\Abdullo\AppData\Local\Programs\Python\Python310\lib\site-packages\django\db\utils.py", line 91, in __exit__
    raise dj_exc_value.with_traceback(traceback) from exc_value
  File "C:\Users\Abdullo\AppData\Local\Programs\Python\Python310\lib\site-packages\django\db\backends\utils.py", line 89, in _execute
    return self.cursor.execute(sql, params)
  File "C:\Users\Abdullo\AppData\Local\Programs\Python\Python310\lib\site-packages\django\db\backends\sqlite3\base.py", line 328, in execute
    return super().execute(query, params)
django.db.utils.OperationalError: no such table: auth_user
