[INFO] 2026-03-25 16:21:15,936 Watching for file changes with StatReloader
[INFO] 2026-03-25 16:21:16,075 Watching for file changes with StatReloader
[INFO] 2026-03-25 16:21:55,728 History created: logout - auth - 'admin' foydalanuvchisi tizimdan chiqdi
[INFO] 2026-03-25 16:21:55,728 History created: logout - auth - 'admin' foydalanuvchisi tizimdan chiqdi
[INFO] 2026-03-25 16:22:04,455 History created: login - auth - 'user' foydalanuvchisi tizimga kirdi
[INFO] 2026-03-25 16:22:04,455 History created: login - auth - 'user' foydalanuvchisi tizimga kirdi
[INFO] 2026-03-25 16:31:53,124 History created: logout - auth - 'user' foydalanuvchisi tizimdan chiqdi
[INFO] 2026-03-25 16:31:53,124 History created: logout - auth - 'user' foydalanuvchisi tizimdan chiqdi
[INFO] 2026-03-25 16:39:26,888 History created: login - auth - 'admin' foydalanuvchisi tizimga kirdi
[INFO] 2026-03-25 16:39:26,888 History created: login - auth - 'admin' foydalanuvchisi tizimga kirdi
[INFO] 2026-03-25 16:39:29,288 History created: logout - auth - 'admin' foydalanuvchisi tizimdan chiqdi
[INFO] 2026-03-25 16:39:29,288 History created: logout - auth - 'admin' foydalanuvchisi tizimdan chiqdi
[INFO] 2026-03-25 16:40:05,028 History created: login - auth - 'user' foydalanuvchisi tizimga kirdi
[INFO] 2026-03-25 16:40:05,028 History created: login - auth - 'user' foydalanuvchisi tizimga kirdi
[INFO] 2026-03-25 16:40:08,594 History created: logout - auth - 'user' foydalanuvchisi tizimdan chiqdi
[INFO] 2026-03-25 16:40:08,594 History created: logout - auth - 'user' foydalanuvchisi tizimdan chiqdi
[INFO] 2026-03-25 16:40:12,565 History created: login - auth - 'admin' foydalanuvchisi tizimga kirdi
[INFO] 2026-03-25 16:40:12,565 History created: login - auth - 'admin' foydalanuvchisi tizimga kirdi
[INFO] 2026-03-25 16:58:30,807 C:\Users\kurbonov.a\Desktop\list_pokup\list_pokup\project\project\settings.py changed, reloading.
[INFO] 2026-03-25 16:58:31,710 Watching for file changes with StatReloader
[INFO] 2026-03-25 16:58:31,727 C:\Users\kurbonov.a\Desktop\list_pokup\list_pokup\project\project\settings.py changed, reloading.
[INFO] 2026-03-25 16:58:32,477 Watching for file changes with StatReloader
